[ingridkuhn.com/themes/alphabet/index.html]
[backblue.gif]
[fade.gif]
[index.html]
[ingridkuhn.com/themes/alphabet/css/bootstrap.css]
[ingridkuhn.com/themes/alphabet/fonts/font-awesome/css/font-awesome.min.css]
[ingridkuhn.com/themes/alphabet/fonts/flaticons/flaticon.css]
[ingridkuhn.com/themes/alphabet/fonts/glyphicons/bootstrap-glyphicons.css]
[ingridkuhn.com/themes/alphabet/css/style.css]
[ingridkuhn.com/themes/alphabet/styles/funtime.css]
[ingridkuhn.com/themes/alphabet/css/owl.carousel.css]
[ingridkuhn.com/themes/alphabet/css/prettyPhoto.css]
[ingridkuhn.com/themes/alphabet/layerslider/css/layerslider.css]
[www.ingridkuhn.com/apple-touch-icon-72x72.a.delayed]
[www.ingridkuhn.com/apple-touch-icon-114x114.png]
[ingridkuhn.com/themes/alphabet/favicon.ico]
[ingridkuhn.com/themes/alphabet/switcher/css/switcher.css]
[ingridkuhn.com/themes/alphabet/styles/playground.css]
[ingridkuhn.com/themes/alphabet/styles/games.css]
[ingridkuhn.com/themes/alphabet/styles/childhood.css]
[ingridkuhn.com/themes/alphabet/styles/school.css]
[ingridkuhn.com/themes/alphabet/styles/nanny.css]
[ingridkuhn.com/themes/alphabet/styles/toddler.css]
[ingridkuhn.com/themes/alphabet/switcher/css/boxed.css]
[ingridkuhn.com/themes/alphabet/switcher/css/full.css]
[ingridkuhn.com/themes/alphabet/switcher/images/icons/playground.png]
[ingridkuhn.com/themes/alphabet/switcher/images/icons/games.png]
[ingridkuhn.com/themes/alphabet/switcher/images/icons/funtime.png]
[ingridkuhn.com/themes/alphabet/switcher/images/icons/school.png]
[ingridkuhn.com/themes/alphabet/switcher/images/icons/childhood.png]
[ingridkuhn.com/themes/alphabet/switcher/images/icons/nanny.png]
[ingridkuhn.com/themes/alphabet/switcher/images/icons/toddler.png]
[ingridkuhn.com/themes/alphabet/index-2.html]
[ingridkuhn.com/themes/alphabet/img/logo.png]
[ingridkuhn.com/themes/alphabet/blog-home.html]
[ingridkuhn.com/themes/alphabet/blog-post.html]
[ingridkuhn.com/themes/alphabet/elements.html]
[ingridkuhn.com/themes/alphabet/sidebar-page.html]
[ingridkuhn.com/themes/alphabet/calendar.html]
[ingridkuhn.com/themes/alphabet/img/slide1.jpg]
[ingridkuhn.com/themes/alphabet/img/sun.png]
[ingridkuhn.com/themes/alphabet/img/flower.png]
[ingridkuhn.com/themes/alphabet/img/slide2.jpg]
[ingridkuhn.com/themes/alphabet/img/bee.png]
[ingridkuhn.com/themes/alphabet/img/star.png]
[ingridkuhn.com/themes/alphabet/img/slide3.jpg]
[ingridkuhn.com/themes/alphabet/img/slide4.jpg]
[ingridkuhn.com/themes/alphabet/img/slide5.jpg]
[ingridkuhn.com/themes/alphabet/img/services.png]
[ingridkuhn.com/themes/alphabet/img/service1.jpg]
[ingridkuhn.com/themes/alphabet/img/service2.jpg]
[ingridkuhn.com/themes/alphabet/img/service3.jpg]
[ingridkuhn.com/themes/alphabet/img/about1.jpg]
[ingridkuhn.com/themes/alphabet/img/about2.jpg]
[ingridkuhn.com/themes/alphabet/img/about3.jpg]
[ingridkuhn.com/themes/alphabet/img/testimonial1.jpg]
[ingridkuhn.com/themes/alphabet/img/testimonial2.jpg]
[ingridkuhn.com/themes/alphabet/img/testimonial3.jpg]
[ingridkuhn.com/themes/alphabet/img/parallaxobject1.png]
[ingridkuhn.com/themes/alphabet/img/teammain.jpg]
[ingridkuhn.com/themes/alphabet/img/team1.jpg]
[ingridkuhn.com/themes/alphabet/img/team2.jpg]
[ingridkuhn.com/themes/alphabet/img/team3.jpg]
[ingridkuhn.com/themes/alphabet/img/team4.jpg]
[ingridkuhn.com/themes/alphabet/img/team5.jpg]
[ingridkuhn.com/themes/alphabet/img/team6.jpg]
[ingridkuhn.com/themes/alphabet/img/activity1.jpg]
[ingridkuhn.com/themes/alphabet/img/activity2.jpg]
[ingridkuhn.com/themes/alphabet/img/activity3.jpg]
[ingridkuhn.com/themes/alphabet/img/activity4.jpg]
[ingridkuhn.com/themes/alphabet/img/activity5.jpg]
[ingridkuhn.com/themes/alphabet/img/parallaxobject2.png]
[ingridkuhn.com/themes/alphabet/img/gallery1.jpg]
[ingridkuhn.com/themes/alphabet/img/gallery2.jpg]
[ingridkuhn.com/themes/alphabet/img/gallery3.jpg]
[ingridkuhn.com/themes/alphabet/img/gallery4.jpg]
[ingridkuhn.com/themes/alphabet/img/gallery5.jpg]
[ingridkuhn.com/themes/alphabet/img/gallery6.jpg]
[ingridkuhn.com/themes/alphabet/img/gallery7.jpg]
[ingridkuhn.com/themes/alphabet/img/gallery8.jpg]
[ingridkuhn.com/themes/alphabet/img/gallery9.jpg]
[ingridkuhn.com/themes/alphabet/img/gallery10.jpg]
[ingridkuhn.com/themes/alphabet/img/gallery11.jpg]
[ingridkuhn.com/themes/alphabet/img/gallery12.jpg]
[ingridkuhn.com/themes/alphabet/img/blogprev1.jpg]
[ingridkuhn.com/themes/alphabet/img/blogprev2.jpg]
[ingridkuhn.com/themes/alphabet/img/blogprev3.jpg]
[ingridkuhn.com/themes/alphabet/img/blogprev4.jpg]
[ingridkuhn.com/themes/alphabet/img/blogprev5.jpg]
[ingridkuhn.com/themes/alphabet/img/blogprev6.jpg]
[ingridkuhn.com/themes/alphabet/img/parallaxobject3.png]
[ingridkuhn.com/themes/alphabet/js/jquery.min.js]
[ingridkuhn.com/themes/alphabet/js/bootstrap.min.js]
[ingridkuhn.com/themes/alphabet/js/main.js]
[ingridkuhn.com/themes/alphabet/js/jquery.isotope.js]
[ingridkuhn.com/themes/alphabet/js/mc-validate.js]
[ingridkuhn.com/themes/alphabet/js/contact.js]
[ingridkuhn.com/themes/alphabet/js/plugins.js]
[ingridkuhn.com/themes/alphabet/layerslider/js/greensock.js]
[ingridkuhn.com/themes/alphabet/layerslider/js/layerslider.load.js]
[ingridkuhn.com/themes/alphabet/layerslider/js/layerslider.transitions.js]
[ingridkuhn.com/themes/alphabet/layerslider/js/layerslider.kreaturamedia.jquery.js]
[ingridkuhn.com/themes/alphabet/index.html]
[ingridkuhn.com/themes/alphabet/switcher/js/dmss.js]
[ingridkuhn.com/themes/alphabet/css/bootstrap.css]
[ingridkuhn.com/themes/alphabet/fonts/font-awesome/fonts/fontawesome-webfonte0a5.eot]
[ingridkuhn.com/themes/alphabet/fonts/font-awesome/fonts/fontawesome-webfontd41d.eot]
[ingridkuhn.com/themes/alphabet/fonts/font-awesome/fonts/fontawesome-webfonte0a5.woff2]
[ingridkuhn.com/themes/alphabet/fonts/font-awesome/fonts/fontawesome-webfonte0a5.woff]
[ingridkuhn.com/themes/alphabet/fonts/font-awesome/fonts/fontawesome-webfonte0a5.ttf]
[ingridkuhn.com/themes/alphabet/fonts/font-awesome/css/font-awesome.min.css]
[ingridkuhn.com/themes/alphabet/fonts/font-awesome/fonts/fontawesome-webfonte0a5.svg]
[ingridkuhn.com/themes/alphabet/fonts/flaticons/Flaticon.eot]
[ingridkuhn.com/themes/alphabet/fonts/flaticons/Flaticond41d.eot]
[ingridkuhn.com/themes/alphabet/fonts/flaticons/Flaticon.woff]
[ingridkuhn.com/themes/alphabet/fonts/flaticons/Flaticon.ttf]
[ingridkuhn.com/themes/alphabet/fonts/flaticons/flaticon.css]
[ingridkuhn.com/themes/alphabet/fonts/flaticons/Flaticon.svg]
[ingridkuhn.com/themes/alphabet/fonts/glyphicons/glyphicons-halflings-regular.eot]
[ingridkuhn.com/themes/alphabet/fonts/glyphicons/glyphicons-halflings-regulard41d.eot]
[ingridkuhn.com/themes/alphabet/fonts/glyphicons/glyphicons-halflings-regular.woff]
[ingridkuhn.com/themes/alphabet/fonts/glyphicons/glyphicons-halflings-regular.ttf]
[ingridkuhn.com/themes/alphabet/fonts/glyphicons/bootstrap-glyphicons.css]
[ingridkuhn.com/themes/alphabet/fonts/glyphicons/glyphicons-halflings-regular.svg]
[ingridkuhn.com/themes/alphabet/videos/placeholder-video.jpg]
[ingridkuhn.com/themes/alphabet/img/kids.png]
[ingridkuhn.com/themes/alphabet/img/kidsbg.png]
[ingridkuhn.com/themes/alphabet/img/bggrass.png]
[ingridkuhn.com/themes/alphabet/img/bgdots.png]
[ingridkuhn.com/themes/alphabet/img/bgdots2.png]
[ingridkuhn.com/themes/alphabet/img/bg1.png]
[ingridkuhn.com/themes/alphabet/img/blogheader.jpg]
[ingridkuhn.com/themes/alphabet/img/bgcity.png]
[ingridkuhn.com/themes/alphabet/img/hr.png]
[ingridkuhn.com/themes/alphabet/img/lined_paper.png]
[www.ingridkuhn.com/themes/alphabet/css/images/layers.93.delayed]
[www.ingridkuhn.com/themes/alphabet/css/images/layers-2x.png]
[www.ingridkuhn.com/themes/alphabet/css/images/marker-icon.png]
[ingridkuhn.com/themes/alphabet/css/style.css]
[ingridkuhn.com/themes/alphabet/styles/funtime.css]
[www.ingridkuhn.com/themes/alphabet/css/owl.video.play.png]
[ingridkuhn.com/themes/alphabet/css/owl.carousel.css]
[ingridkuhn.com/themes/alphabet/img/prettyPhoto/default/sprite.png]
[ingridkuhn.com/themes/alphabet/img/prettyPhoto/default/sprite_x.png]
[ingridkuhn.com/themes/alphabet/img/prettyPhoto/default/sprite_y.png]
[ingridkuhn.com/themes/alphabet/img/prettyPhoto/default/sprite_next.png]
[ingridkuhn.com/themes/alphabet/img/prettyPhoto/default/sprite_prev.png]
[ingridkuhn.com/themes/alphabet/img/prettyPhoto/default/default_thumb.png]
[ingridkuhn.com/themes/alphabet/img/prettyPhoto/default/loader.gif]
[ingridkuhn.com/themes/alphabet/img/prettyPhoto/light_rounded/sprite.png]
[ingridkuhn.com/themes/alphabet/img/prettyPhoto/light_rounded/btnNext.png]
[ingridkuhn.com/themes/alphabet/img/prettyPhoto/light_rounded/btnPrevious.png]
[ingridkuhn.com/themes/alphabet/img/prettyPhoto/dark_rounded/sprite.png]
[ingridkuhn.com/themes/alphabet/img/prettyPhoto/dark_rounded/contentPattern.png]
[ingridkuhn.com/themes/alphabet/img/prettyPhoto/dark_rounded/btnNext.png]
[ingridkuhn.com/themes/alphabet/img/prettyPhoto/dark_rounded/btnPrevious.png]
[ingridkuhn.com/themes/alphabet/img/prettyPhoto/dark_rounded/loader.gif]
[ingridkuhn.com/themes/alphabet/img/prettyPhoto/dark_square/loader.gif]
[ingridkuhn.com/themes/alphabet/img/prettyPhoto/dark_square/sprite.png]
[ingridkuhn.com/themes/alphabet/img/prettyPhoto/dark_square/btnNext.png]
[ingridkuhn.com/themes/alphabet/img/prettyPhoto/dark_square/btnPrevious.png]
[ingridkuhn.com/themes/alphabet/img/prettyPhoto/light_square/sprite.png]
[ingridkuhn.com/themes/alphabet/img/prettyPhoto/light_square/btnNext.png]
[ingridkuhn.com/themes/alphabet/img/prettyPhoto/light_square/btnPrevious.png]
[ingridkuhn.com/themes/alphabet/img/prettyPhoto/facebook/sprite.png]
[ingridkuhn.com/themes/alphabet/img/prettyPhoto/facebook/contentPatternTop.png]
[ingridkuhn.com/themes/alphabet/img/prettyPhoto/facebook/contentPatternLeft.png]
[ingridkuhn.com/themes/alphabet/img/prettyPhoto/facebook/contentPatternRight.png]
[ingridkuhn.com/themes/alphabet/img/prettyPhoto/facebook/loader.gif]
[ingridkuhn.com/themes/alphabet/img/prettyPhoto/facebook/btnNext.png]
[ingridkuhn.com/themes/alphabet/img/prettyPhoto/facebook/btnPrevious.png]
[ingridkuhn.com/themes/alphabet/img/prettyPhoto/facebook/contentPatternBottom.png]
[ingridkuhn.com/themes/alphabet/img/prettyPhoto/facebook/default_thumbnail.gif]
[ingridkuhn.com/themes/alphabet/img/prettyPhoto/light_rounded/loader.gif]
[ingridkuhn.com/themes/alphabet/css/prettyPhoto.css]
[ingridkuhn.com/themes/alphabet/layerslider/css/blank.gif]
[ingridkuhn.com/themes/alphabet/layerslider/css/layerslider.css]
[www.ingridkuhn.com/apple-touch-icon-72x72.html]
[www.ingridkuhn.com/apple-touch-icon-114x114.html]
[ingridkuhn.com/themes/alphabet/switcher/css/switcher.css]
[ingridkuhn.com/themes/alphabet/styles/playground.css]
[ingridkuhn.com/themes/alphabet/styles/games.css]
[ingridkuhn.com/themes/alphabet/styles/childhood.css]
[ingridkuhn.com/themes/alphabet/styles/school.css]
[ingridkuhn.com/themes/alphabet/styles/nanny.css]
[ingridkuhn.com/themes/alphabet/styles/toddler.css]
[ingridkuhn.com/themes/alphabet/switcher/css/boxed.css]
[ingridkuhn.com/themes/alphabet/switcher/css/full.css]
[ingridkuhn.com/themes/alphabet/index-2.html]
[ingridkuhn.com/themes/alphabet/index_video.html]
[ingridkuhn.com/themes/alphabet/img/blogobject1.png]
[ingridkuhn.com/themes/alphabet/img/blogobject2.png]
[ingridkuhn.com/themes/alphabet/img/blog1.jpg]
[ingridkuhn.com/themes/alphabet/img/blog2.jpg]
[ingridkuhn.com/themes/alphabet/img/blog3.jpg]
[ingridkuhn.com/themes/alphabet/img/imgwidget.jpg]
[ingridkuhn.com/themes/alphabet/blog-home.html]
[ingridkuhn.com/themes/alphabet/img/blogmain1.jpg]
[ingridkuhn.com/themes/alphabet/img/comment1.jpg]
[ingridkuhn.com/themes/alphabet/img/comment2.jpg]
[ingridkuhn.com/themes/alphabet/img/comment3.jpg]
[ingridkuhn.com/themes/alphabet/blog-post.html]
[ingridkuhn.com/themes/alphabet/elements.html]
[ingridkuhn.com/themes/alphabet/sidebar-page.html]
[ingridkuhn.com/themes/alphabet/css/calendar.css]
[ingridkuhn.com/themes/alphabet/js/calendar_edit.js]
[ingridkuhn.com/themes/alphabet/calendar.html]
[ingridkuhn.com/themes/alphabet/fonts/font-awesome/fonts/fontawesome-webfonte0a5.svg]
[ingridkuhn.com/themes/alphabet/fonts/flaticons/Flaticon.svg]
[ingridkuhn.com/themes/alphabet/fonts/glyphicons/glyphicons-halflings-regular.svg]
[www.ingridkuhn.com/themes/alphabet/css/images/layers.html]
[www.ingridkuhn.com/themes/alphabet/css/images/layers-2x.html]
[www.ingridkuhn.com/themes/alphabet/css/images/marker-icon.html]
[www.ingridkuhn.com/themes/alphabet/css/owl.video.play.html]
[ingridkuhn.com/themes/alphabet/js/fullcalendar.js]
[ingridkuhn.com/themes/alphabet/js/prefixfree.js]
[ingridkuhn.com/themes/alphabet/img/calltoactionbg.jpg]
[ingridkuhn.com/themes/alphabet/videos/video.mp4]
[ingridkuhn.com/themes/alphabet/index_video.html]
[ingridkuhn.com/themes/alphabet/css/calendar.css]
[ingridkuhn.com/themes/alphabet/playground]
